[
 {
  "allow_on_submit": 0, 
  "bold": 0, 
  "collapsible": 0, 
  "collapsible_depends_on": null, 
  "columns": 0, 
  "default": null, 
  "depends_on": null, 
  "description": null, 
  "docstatus": 0, 
  "doctype": "Custom Field", 
  "dt": "Print Settings", 
  "fieldname": "compact_item_print", 
  "fieldtype": "Check", 
  "hidden": 0, 
  "ignore_user_permissions": 0, 
  "ignore_xss_filter": 0, 
  "in_global_search": 0, 
  "in_list_view": 0, 
  "in_standard_filter": 0, 
  "insert_after": "with_letterhead", 
  "label": "Compact Item Print", 
  "modified": "2017-01-23 03:48:43.775611", 
  "name": "Print Settings-compact_item_print", 
  "no_copy": 0, 
  "options": null, 
  "permlevel": 0, 
  "precision": "", 
  "print_hide": 0, 
  "print_hide_if_no_value": 0, 
  "print_width": null, 
  "read_only": 0, 
  "report_hide": 0, 
  "reqd": 0, 
  "search_index": 0, 
  "unique": 0, 
  "width": null
 }, 
 {
  "allow_on_submit": 0, 
  "bold": 0, 
  "collapsible": 0, 
  "collapsible_depends_on": null, 
  "columns": 0, 
  "default": null, 
  "depends_on": null, 
  "description": null, 
  "docstatus": 0, 
  "doctype": "Custom Field", 
  "dt": "Print Settings", 
  "fieldname": "print_taxes_with_zero_amount", 
  "fieldtype": "Check", 
  "hidden": 0, 
  "ignore_user_permissions": 0, 
  "ignore_xss_filter": 0, 
  "in_global_search": 0, 
  "in_list_view": 0, 
  "in_standard_filter": 0, 
  "insert_after": "allow_print_for_cancelled", 
  "label": "Print taxes with zero amount", 
  "modified": "2017-09-27 14:46:01.210134", 
  "name": "Print Settings-print_taxes_with_zero_amount", 
  "no_copy": 0, 
  "options": null, 
  "permlevel": 0, 
  "precision": "", 
  "print_hide": 0, 
  "print_hide_if_no_value": 0, 
  "print_width": null, 
  "read_only": 0, 
  "report_hide": 0, 
  "reqd": 0, 
  "search_index": 0, 
  "unique": 0, 
  "width": null
 }, 
 {
  "allow_on_submit": 0, 
  "bold": 0, 
  "collapsible": 0, 
  "collapsible_depends_on": null, 
  "columns": 0, 
  "default": null, 
  "depends_on": null, 
  "description": null, 
  "docstatus": 0, 
  "doctype": "Custom Field", 
  "dt": "Company", 
  "fieldname": "hub_sync_id", 
  "fieldtype": "Data", 
  "hidden": 1, 
  "ignore_user_permissions": 0, 
  "ignore_xss_filter": 0, 
  "in_global_search": 0, 
  "in_list_view": 0, 
  "in_standard_filter": 0, 
  "insert_after": null, 
  "label": "Hub Sync ID", 
  "modified": "2017-11-18 07:58:04.164661", 
  "name": "Company-hub_sync_id", 
  "no_copy": 0, 
  "options": null, 
  "permlevel": 0, 
  "precision": null, 
  "print_hide": 0, 
  "print_hide_if_no_value": 0, 
  "print_width": null, 
  "read_only": 0, 
  "report_hide": 0, 
  "reqd": 0, 
  "search_index": 0, 
  "unique": 0, 
  "width": null
 }, 
 {
  "allow_on_submit": 0, 
  "bold": 0, 
  "collapsible": 0, 
  "collapsible_depends_on": null, 
  "columns": 0, 
  "default": null, 
  "depends_on": null, 
  "description": null, 
  "docstatus": 0, 
  "doctype": "Custom Field", 
  "dt": "Item", 
  "fieldname": "hub_sync_id", 
  "fieldtype": "Data", 
  "hidden": 1, 
  "ignore_user_permissions": 0, 
  "ignore_xss_filter": 0, 
  "in_global_search": 0, 
  "in_list_view": 0, 
  "in_standard_filter": 0, 
  "insert_after": null, 
  "label": "Hub Sync ID", 
  "modified": "2017-11-18 07:58:04.507781", 
  "name": "Item-hub_sync_id", 
  "no_copy": 0, 
  "options": null, 
  "permlevel": 0, 
  "precision": null, 
  "print_hide": 0, 
  "print_hide_if_no_value": 0, 
  "print_width": null, 
  "read_only": 0, 
  "report_hide": 0, 
  "reqd": 0, 
  "search_index": 0, 
  "unique": 0, 
  "width": null
 }, 
 {
  "allow_on_submit": 0, 
  "bold": 0, 
  "collapsible": 0, 
  "collapsible_depends_on": null, 
  "columns": 0, 
  "default": null, 
  "depends_on": null, 
  "description": null, 
  "docstatus": 0, 
  "doctype": "Custom Field", 
  "dt": "Lead", 
  "fieldname": "hub_sync_id", 
  "fieldtype": "Data", 
  "hidden": 1, 
  "ignore_user_permissions": 0, 
  "ignore_xss_filter": 0, 
  "in_global_search": 0, 
  "in_list_view": 0, 
  "in_standard_filter": 0, 
  "insert_after": null, 
  "label": "Hub Sync ID", 
  "modified": "2017-11-18 07:58:04.944357", 
  "name": "Lead-hub_sync_id", 
  "no_copy": 0, 
  "options": null, 
  "permlevel": 0, 
  "precision": null, 
  "print_hide": 0, 
  "print_hide_if_no_value": 0, 
  "print_width": null, 
  "read_only": 0, 
  "report_hide": 0, 
  "reqd": 0, 
  "search_index": 0, 
  "unique": 0, 
  "width": null
 }, 
 {
  "allow_on_submit": 0, 
  "bold": 0, 
  "collapsible": 0, 
  "collapsible_depends_on": null, 
  "columns": 0, 
  "default": null, 
  "depends_on": null, 
  "description": null, 
  "docstatus": 0, 
  "doctype": "Custom Field", 
  "dt": "Deleted Document", 
  "fieldname": "hub_sync_id", 
  "fieldtype": "Data", 
  "hidden": 1, 
  "ignore_user_permissions": 0, 
  "ignore_xss_filter": 0, 
  "in_global_search": 0, 
  "in_list_view": 0, 
  "in_standard_filter": 0, 
  "insert_after": null, 
  "label": "Hub Sync ID", 
  "modified": "2017-11-18 07:58:05.528887", 
  "name": "Deleted Document-hub_sync_id", 
  "no_copy": 0, 
  "options": null, 
  "permlevel": 0, 
  "precision": null, 
  "print_hide": 0, 
  "print_hide_if_no_value": 0, 
  "print_width": null, 
  "read_only": 0, 
  "report_hide": 0, 
  "reqd": 0, 
  "search_index": 0, 
  "unique": 0, 
  "width": null
 }, 
 {
  "allow_on_submit": 0, 
  "bold": 0, 
  "collapsible": 0, 
  "collapsible_depends_on": null, 
  "columns": 0, 
  "default": null, 
  "depends_on": null, 
  "description": null, 
  "docstatus": 0, 
  "doctype": "Custom Field", 
  "dt": "Warehouse", 
  "fieldname": "type", 
  "fieldtype": "Select", 
  "hidden": 0, 
  "ignore_user_permissions": 0, 
  "ignore_xss_filter": 0, 
  "in_global_search": 0, 
  "in_list_view": 0, 
  "in_standard_filter": 0, 
  "insert_after": "account", 
  "label": "Type", 
  "modified": "2018-01-03 13:55:26.483581", 
  "name": "Warehouse-type", 
  "no_copy": 0, 
  "options": "\nWarehouse\nSection\nLocation", 
  "permlevel": 0, 
  "precision": "", 
  "print_hide": 0, 
  "print_hide_if_no_value": 0, 
  "print_width": null, 
  "read_only": 0, 
  "report_hide": 0, 
  "reqd": 1, 
  "search_index": 0, 
  "unique": 0, 
  "width": null
 }, 
 {
  "allow_on_submit": 0, 
  "bold": 0, 
  "collapsible": 0, 
  "collapsible_depends_on": null, 
  "columns": 0, 
  "default": null, 
  "depends_on": "is_stock_item", 
  "description": null, 
  "docstatus": 0, 
  "doctype": "Custom Field", 
  "dt": "Item", 
  "fieldname": "default_section", 
  "fieldtype": "Link", 
  "hidden": 0, 
  "ignore_user_permissions": 0, 
  "ignore_xss_filter": 0, 
  "in_global_search": 0, 
  "in_list_view": 0, 
  "in_standard_filter": 0, 
  "insert_after": "default_gudang", 
  "label": "Default Section", 
  "modified": "2018-01-03 14:38:55.825558", 
  "name": "Item-default_section", 
  "no_copy": 0, 
  "options": "Warehouse", 
  "permlevel": 0, 
  "precision": "", 
  "print_hide": 0, 
  "print_hide_if_no_value": 0, 
  "print_width": null, 
  "read_only": 0, 
  "report_hide": 0, 
  "reqd": 1, 
  "search_index": 0, 
  "unique": 0, 
  "width": null
 }, 
 {
  "allow_on_submit": 0, 
  "bold": 0, 
  "collapsible": 0, 
  "collapsible_depends_on": null, 
  "columns": 0, 
  "default": null, 
  "depends_on": null, 
  "description": null, 
  "docstatus": 0, 
  "doctype": "Custom Field", 
  "dt": "Item", 
  "fieldname": "minimum_stock", 
  "fieldtype": "Float", 
  "hidden": 0, 
  "ignore_user_permissions": 0, 
  "ignore_xss_filter": 0, 
  "in_global_search": 0, 
  "in_list_view": 0, 
  "in_standard_filter": 0, 
  "insert_after": "column_break1", 
  "label": "Minimum Stock", 
  "modified": "2018-01-03 14:38:56.417049", 
  "name": "Item-minimum_stock", 
  "no_copy": 0, 
  "options": null, 
  "permlevel": 0, 
  "precision": "", 
  "print_hide": 0, 
  "print_hide_if_no_value": 0, 
  "print_width": null, 
  "read_only": 0, 
  "report_hide": 0, 
  "reqd": 1, 
  "search_index": 0, 
  "unique": 0, 
  "width": null
 }, 
 {
  "allow_on_submit": 0, 
  "bold": 0, 
  "collapsible": 0, 
  "collapsible_depends_on": null, 
  "columns": 0, 
  "default": null, 
  "depends_on": null, 
  "description": null, 
  "docstatus": 0, 
  "doctype": "Custom Field", 
  "dt": "Item Group", 
  "fieldname": "minimum_item", 
  "fieldtype": "Float", 
  "hidden": 0, 
  "ignore_user_permissions": 0, 
  "ignore_xss_filter": 0, 
  "in_global_search": 0, 
  "in_list_view": 0, 
  "in_standard_filter": 0, 
  "insert_after": "is_group", 
  "label": "Minimum Item", 
  "modified": "2018-01-03 15:13:10.014801", 
  "name": "Item Group-minimum_item", 
  "no_copy": 0, 
  "options": null, 
  "permlevel": 0, 
  "precision": "", 
  "print_hide": 0, 
  "print_hide_if_no_value": 0, 
  "print_width": null, 
  "read_only": 0, 
  "report_hide": 0, 
  "reqd": 1, 
  "search_index": 0, 
  "unique": 0, 
  "width": null
 }, 
 {
  "allow_on_submit": 0, 
  "bold": 0, 
  "collapsible": 0, 
  "collapsible_depends_on": null, 
  "columns": 0, 
  "default": null, 
  "depends_on": null, 
  "description": null, 
  "docstatus": 0, 
  "doctype": "Custom Field", 
  "dt": "Stock Entry", 
  "fieldname": "purchase_return", 
  "fieldtype": "Link", 
  "hidden": 0, 
  "ignore_user_permissions": 0, 
  "ignore_xss_filter": 0, 
  "in_global_search": 0, 
  "in_list_view": 0, 
  "in_standard_filter": 0, 
  "insert_after": "from_bom", 
  "label": "Purchase Return", 
  "modified": "2018-01-29 14:27:19.760411", 
  "name": "Stock Entry-purchase_return", 
  "no_copy": 1, 
  "options": "Purchase Return", 
  "permlevel": 0, 
  "precision": "", 
  "print_hide": 0, 
  "print_hide_if_no_value": 0, 
  "print_width": null, 
  "read_only": 1, 
  "report_hide": 0, 
  "reqd": 0, 
  "search_index": 0, 
  "unique": 0, 
  "width": null
 }, 
 {
  "allow_on_submit": 0, 
  "bold": 0, 
  "collapsible": 0, 
  "collapsible_depends_on": null, 
  "columns": 0, 
  "default": null, 
  "depends_on": null, 
  "description": null, 
  "docstatus": 0, 
  "doctype": "Custom Field", 
  "dt": "Journal Entry", 
  "fieldname": "purchase_return", 
  "fieldtype": "Link", 
  "hidden": 0, 
  "ignore_user_permissions": 0, 
  "ignore_xss_filter": 0, 
  "in_global_search": 0, 
  "in_list_view": 0, 
  "in_standard_filter": 0, 
  "insert_after": "naming_series", 
  "label": "Purchase Return", 
  "modified": "2018-01-23 15:49:21.912425", 
  "name": "Journal Entry-purchase_return", 
  "no_copy": 0, 
  "options": "Purchase Return", 
  "permlevel": 0, 
  "precision": "", 
  "print_hide": 0, 
  "print_hide_if_no_value": 0, 
  "print_width": null, 
  "read_only": 1, 
  "report_hide": 0, 
  "reqd": 0, 
  "search_index": 0, 
  "unique": 0, 
  "width": null
 }, 
 {
  "allow_on_submit": 0, 
  "bold": 0, 
  "collapsible": 0, 
  "collapsible_depends_on": null, 
  "columns": 0, 
  "default": null, 
  "depends_on": null, 
  "description": null, 
  "docstatus": 0, 
  "doctype": "Custom Field", 
  "dt": "Stock Entry", 
  "fieldname": "sales_return", 
  "fieldtype": "Link", 
  "hidden": 0, 
  "ignore_user_permissions": 0, 
  "ignore_xss_filter": 0, 
  "in_global_search": 0, 
  "in_list_view": 0, 
  "in_standard_filter": 0, 
  "insert_after": "purchase_return", 
  "label": "Sales Return", 
  "modified": "2018-01-29 14:27:14.192545", 
  "name": "Stock Entry-sales_return", 
  "no_copy": 1, 
  "options": "Sales Return", 
  "permlevel": 0, 
  "precision": "", 
  "print_hide": 0, 
  "print_hide_if_no_value": 0, 
  "print_width": null, 
  "read_only": 1, 
  "report_hide": 0, 
  "reqd": 0, 
  "search_index": 0, 
  "unique": 0, 
  "width": null
 }, 
 {
  "allow_on_submit": 0, 
  "bold": 0, 
  "collapsible": 0, 
  "collapsible_depends_on": null, 
  "columns": 0, 
  "default": null, 
  "depends_on": null, 
  "description": null, 
  "docstatus": 0, 
  "doctype": "Custom Field", 
  "dt": "Journal Entry", 
  "fieldname": "sales_return", 
  "fieldtype": "Link", 
  "hidden": 0, 
  "ignore_user_permissions": 0, 
  "ignore_xss_filter": 0, 
  "in_global_search": 0, 
  "in_list_view": 0, 
  "in_standard_filter": 0, 
  "insert_after": "purchase_return", 
  "label": "Sales Return", 
  "modified": "2018-01-24 14:17:35.615228", 
  "name": "Journal Entry-sales_return", 
  "no_copy": 0, 
  "options": "Sales Return", 
  "permlevel": 0, 
  "precision": "", 
  "print_hide": 0, 
  "print_hide_if_no_value": 0, 
  "print_width": null, 
  "read_only": 1, 
  "report_hide": 0, 
  "reqd": 0, 
  "search_index": 0, 
  "unique": 0, 
  "width": null
 }, 
 {
  "allow_on_submit": 0, 
  "bold": 0, 
  "collapsible": 0, 
  "collapsible_depends_on": null, 
  "columns": 0, 
  "default": null, 
  "depends_on": "is_stock_item", 
  "description": null, 
  "docstatus": 0, 
  "doctype": "Custom Field", 
  "dt": "Item", 
  "fieldname": "default_gudang", 
  "fieldtype": "Link", 
  "hidden": 0, 
  "ignore_user_permissions": 0, 
  "ignore_xss_filter": 0, 
  "in_global_search": 0, 
  "in_list_view": 0, 
  "in_standard_filter": 0, 
  "insert_after": "inventory", 
  "label": "Default Warehouse", 
  "modified": "2018-01-25 09:39:56.984293", 
  "name": "Item-default_gudang", 
  "no_copy": 0, 
  "options": "Warehouse", 
  "permlevel": 0, 
  "precision": "", 
  "print_hide": 0, 
  "print_hide_if_no_value": 0, 
  "print_width": null, 
  "read_only": 0, 
  "report_hide": 0, 
  "reqd": 1, 
  "search_index": 0, 
  "unique": 0, 
  "width": null
 }, 
 {
  "allow_on_submit": 0, 
  "bold": 0, 
  "collapsible": 0, 
  "collapsible_depends_on": null, 
  "columns": 0, 
  "default": null, 
  "depends_on": "is_stock_item", 
  "description": null, 
  "docstatus": 0, 
  "doctype": "Custom Field", 
  "dt": "Item", 
  "fieldname": "default_location", 
  "fieldtype": "Link", 
  "hidden": 0, 
  "ignore_user_permissions": 0, 
  "ignore_xss_filter": 0, 
  "in_global_search": 0, 
  "in_list_view": 1, 
  "in_standard_filter": 0, 
  "insert_after": "default_section", 
  "label": "Default Location", 
  "modified": "2018-01-25 10:48:49.689785", 
  "name": "Item-default_location", 
  "no_copy": 0, 
  "options": "Warehouse", 
  "permlevel": 0, 
  "precision": "", 
  "print_hide": 0, 
  "print_hide_if_no_value": 0, 
  "print_width": null, 
  "read_only": 0, 
  "report_hide": 0, 
  "reqd": 1, 
  "search_index": 0, 
  "unique": 0, 
  "width": null
 }, 
 {
  "allow_on_submit": 0, 
  "bold": 0, 
  "collapsible": 0, 
  "collapsible_depends_on": null, 
  "columns": 0, 
  "default": null, 
  "depends_on": null, 
  "description": null, 
  "docstatus": 0, 
  "doctype": "Custom Field", 
  "dt": "Sales Order Item", 
  "fieldname": "default_gudang", 
  "fieldtype": "Link", 
  "hidden": 0, 
  "ignore_user_permissions": 0, 
  "ignore_xss_filter": 0, 
  "in_global_search": 0, 
  "in_list_view": 0, 
  "in_standard_filter": 0, 
  "insert_after": "warehouse_and_reference", 
  "label": "Default Warehouse", 
  "modified": "2018-01-25 12:16:45.272684", 
  "name": "Sales Order Item-default_gudang", 
  "no_copy": 0, 
  "options": "Warehouse", 
  "permlevel": 0, 
  "precision": "", 
  "print_hide": 0, 
  "print_hide_if_no_value": 0, 
  "print_width": null, 
  "read_only": 1, 
  "report_hide": 0, 
  "reqd": 0, 
  "search_index": 0, 
  "unique": 0, 
  "width": null
 }, 
 {
  "allow_on_submit": 0, 
  "bold": 0, 
  "collapsible": 0, 
  "collapsible_depends_on": null, 
  "columns": 0, 
  "default": null, 
  "depends_on": null, 
  "description": null, 
  "docstatus": 0, 
  "doctype": "Custom Field", 
  "dt": "Sales Order Item", 
  "fieldname": "default_section", 
  "fieldtype": "Link", 
  "hidden": 0, 
  "ignore_user_permissions": 0, 
  "ignore_xss_filter": 0, 
  "in_global_search": 0, 
  "in_list_view": 0, 
  "in_standard_filter": 0, 
  "insert_after": "default_gudang", 
  "label": "Default Section", 
  "modified": "2018-01-25 12:16:45.739249", 
  "name": "Sales Order Item-default_section", 
  "no_copy": 0, 
  "options": "Warehouse", 
  "permlevel": 0, 
  "precision": "", 
  "print_hide": 0, 
  "print_hide_if_no_value": 0, 
  "print_width": null, 
  "read_only": 1, 
  "report_hide": 0, 
  "reqd": 0, 
  "search_index": 0, 
  "unique": 0, 
  "width": null
 }, 
 {
  "allow_on_submit": 0, 
  "bold": 0, 
  "collapsible": 0, 
  "collapsible_depends_on": null, 
  "columns": 0, 
  "default": null, 
  "depends_on": null, 
  "description": null, 
  "docstatus": 0, 
  "doctype": "Custom Field", 
  "dt": "Sales Order Item", 
  "fieldname": "default_location", 
  "fieldtype": "Link", 
  "hidden": 0, 
  "ignore_user_permissions": 0, 
  "ignore_xss_filter": 0, 
  "in_global_search": 0, 
  "in_list_view": 0, 
  "in_standard_filter": 0, 
  "insert_after": "default_section", 
  "label": "Default Location", 
  "modified": "2018-01-25 12:16:46.037093", 
  "name": "Sales Order Item-default_location", 
  "no_copy": 0, 
  "options": "Warehouse", 
  "permlevel": 0, 
  "precision": "", 
  "print_hide": 0, 
  "print_hide_if_no_value": 0, 
  "print_width": null, 
  "read_only": 0, 
  "report_hide": 0, 
  "reqd": 0, 
  "search_index": 0, 
  "unique": 0, 
  "width": null
 }, 
 {
  "allow_on_submit": 0, 
  "bold": 0, 
  "collapsible": 0, 
  "collapsible_depends_on": null, 
  "columns": 0, 
  "default": null, 
  "depends_on": null, 
  "description": null, 
  "docstatus": 0, 
  "doctype": "Custom Field", 
  "dt": "Bin", 
  "fieldname": "ito", 
  "fieldtype": "Link", 
  "hidden": 0, 
  "ignore_user_permissions": 0, 
  "ignore_xss_filter": 0, 
  "in_global_search": 0, 
  "in_list_view": 0, 
  "in_standard_filter": 0, 
  "insert_after": "stock_value", 
  "label": "ITO", 
  "modified": "2018-01-28 02:08:12.905261", 
  "name": "Bin-ito", 
  "no_copy": 0, 
  "options": "ITO", 
  "permlevel": 0, 
  "precision": "", 
  "print_hide": 0, 
  "print_hide_if_no_value": 0, 
  "print_width": null, 
  "read_only": 1, 
  "report_hide": 0, 
  "reqd": 0, 
  "search_index": 0, 
  "unique": 0, 
  "width": null
 }, 
 {
  "allow_on_submit": 0, 
  "bold": 0, 
  "collapsible": 0, 
  "collapsible_depends_on": null, 
  "columns": 0, 
  "default": null, 
  "depends_on": null, 
  "description": null, 
  "docstatus": 0, 
  "doctype": "Custom Field", 
  "dt": "Bin", 
  "fieldname": "ito_qty", 
  "fieldtype": "Float", 
  "hidden": 0, 
  "ignore_user_permissions": 0, 
  "ignore_xss_filter": 0, 
  "in_global_search": 0, 
  "in_list_view": 0, 
  "in_standard_filter": 0, 
  "insert_after": "ito", 
  "label": "ITO Qty", 
  "modified": "2018-01-28 02:08:13.472368", 
  "name": "Bin-ito_qty", 
  "no_copy": 0, 
  "options": null, 
  "permlevel": 0, 
  "precision": "", 
  "print_hide": 0, 
  "print_hide_if_no_value": 0, 
  "print_width": null, 
  "read_only": 1, 
  "report_hide": 0, 
  "reqd": 0, 
  "search_index": 0, 
  "unique": 0, 
  "width": null
 }, 
 {
  "allow_on_submit": 0, 
  "bold": 0, 
  "collapsible": 0, 
  "collapsible_depends_on": null, 
  "columns": 0, 
  "default": null, 
  "depends_on": null, 
  "description": null, 
  "docstatus": 0, 
  "doctype": "Custom Field", 
  "dt": "Stock Entry", 
  "fieldname": "ito", 
  "fieldtype": "Link", 
  "hidden": 0, 
  "ignore_user_permissions": 0, 
  "ignore_xss_filter": 0, 
  "in_global_search": 0, 
  "in_list_view": 0, 
  "in_standard_filter": 0, 
  "insert_after": "sales_return", 
  "label": "ITO", 
  "modified": "2018-01-29 14:27:08.103510", 
  "name": "Stock Entry-ito", 
  "no_copy": 1, 
  "options": "ITO", 
  "permlevel": 0, 
  "precision": "", 
  "print_hide": 0, 
  "print_hide_if_no_value": 0, 
  "print_width": null, 
  "read_only": 1, 
  "report_hide": 0, 
  "reqd": 0, 
  "search_index": 0, 
  "unique": 0, 
  "width": null
 }
]