{
 "add_total_row": 0, 
 "apply_user_permissions": 1, 
 "creation": "2018-04-10 06:08:58.962267", 
 "disabled": 0, 
 "docstatus": 0, 
 "doctype": "Report", 
 "idx": 0, 
 "is_standard": "Yes", 
 "letter_head": "Standard", 
 "modified": "2018-04-10 06:08:58.962267", 
 "modified_by": "Administrator", 
 "module": "Golden", 
 "name": "Log Book of Goods Arrivals", 
 "owner": "Administrator", 
 "ref_doctype": "Purchase Order", 
 "report_name": "Log Book of Goods Arrivals", 
 "report_type": "Script Report", 
 "roles": [
  {
   "role": "Stock User"
  }, 
  {
   "role": "Purchase Manager"
  }, 
  {
   "role": "Purchase User"
  }
 ]
}