{
 "add_total_row": 0, 
 "apply_user_permissions": 1, 
 "creation": "2018-04-20 11:11:25.600647", 
 "disabled": 0, 
 "docstatus": 0, 
 "doctype": "Report", 
 "idx": 0, 
 "is_standard": "Yes", 
 "modified": "2018-04-20 11:11:25.600647", 
 "modified_by": "Administrator", 
 "module": "Golden", 
 "name": "Annual Sold Summary Report", 
 "owner": "Administrator", 
 "ref_doctype": "Receive Order", 
 "report_name": "Annual Sold Summary Report", 
 "report_type": "Script Report", 
 "roles": [
  {
   "role": "Administrator"
  }
 ]
}