{
 "add_total_row": 0, 
 "apply_user_permissions": 1, 
 "creation": "2018-05-31 13:34:33.552812", 
 "disabled": 0, 
 "docstatus": 0, 
 "doctype": "Report", 
 "idx": 0, 
 "is_standard": "Yes", 
 "letter_head": "Standard", 
 "modified": "2018-05-31 13:37:57.708924", 
 "modified_by": "Administrator", 
 "module": "Golden", 
 "name": "Purchase & Sales Trends", 
 "owner": "Administrator", 
 "ref_doctype": "Item", 
 "report_name": "Purchase & Sales Trends", 
 "report_type": "Script Report", 
 "roles": [
  {
   "role": "Administrator"
  }
 ]
}