{
 "add_total_row": 0, 
 "apply_user_permissions": 1, 
 "creation": "2018-09-13 17:15:23.300948", 
 "disabled": 0, 
 "docstatus": 0, 
 "doctype": "Report", 
 "idx": 0, 
 "is_standard": "Yes", 
 "letter_head": "Standard", 
 "modified": "2018-09-13 17:15:23.300948", 
 "modified_by": "Administrator", 
 "module": "Golden", 
 "name": "Dynamic Item Report - Purchase", 
 "owner": "Administrator", 
 "ref_doctype": "Item", 
 "report_name": "Dynamic Item Report - Purchase", 
 "report_type": "Script Report", 
 "roles": [
  {
   "role": "Administrator"
  }, 
  {
   "role": "System Manager"
  }
 ]
}