{
 "add_total_row": 1, 
 "apply_user_permissions": 1, 
 "creation": "2018-03-26 12:22:37.304011", 
 "disabled": 0, 
 "docstatus": 0, 
 "doctype": "Report", 
 "idx": 0, 
 "is_standard": "Yes", 
 "modified": "2018-03-26 12:22:37.304011", 
 "modified_by": "Administrator", 
 "module": "Golden", 
 "name": "Stock Position", 
 "owner": "Administrator", 
 "ref_doctype": "Stock Ledger Entry", 
 "report_name": "Stock Position", 
 "report_type": "Script Report", 
 "roles": [
  {
   "role": "Stock User"
  }, 
  {
   "role": "Accounts Manager"
  }
 ]
}