{
 "add_total_row": 0, 
 "apply_user_permissions": 1, 
 "creation": "2018-04-02 13:47:42.497247", 
 "disabled": 0, 
 "docstatus": 0, 
 "doctype": "Report", 
 "idx": 0, 
 "is_standard": "Yes", 
 "modified": "2018-04-02 14:02:25.551088", 
 "modified_by": "Administrator", 
 "module": "Golden", 
 "name": "Dynamic Item Report", 
 "owner": "Administrator", 
 "ref_doctype": "Item", 
 "report_name": "Dynamic Item Report", 
 "report_type": "Script Report", 
 "roles": [
  {
   "role": "Administrator"
  }
 ]
}