{
 "add_total_row": 0, 
 "apply_user_permissions": 1, 
 "creation": "2018-07-16 09:44:37.899224", 
 "disabled": 0, 
 "docstatus": 0, 
 "doctype": "Report", 
 "idx": 0, 
 "is_standard": "Yes", 
 "letter_head": "Standard", 
 "modified": "2018-07-16 09:44:37.899224", 
 "modified_by": "Administrator", 
 "module": "Golden", 
 "name": "Stock Card Sales", 
 "owner": "Administrator", 
 "ref_doctype": "Stock Ledger Entry", 
 "report_name": "Stock Card Sales", 
 "report_type": "Script Report", 
 "roles": [
  {
   "role": "Stock User"
  }, 
  {
   "role": "Accounts Manager"
  }
 ]
}